// Jest Snapshot v1, https://goo.gl/fbAQLP

exports[`renders top project list 1`] = `
<div>
  <div
    class="footer"
  >
    <button
      class="footer__submit"
    >
      Отправить
    </button>
    <div>
      <div
        class="github-link"
      >
        https://github.com/PsihoZykt/API-console
      </div>
    </div>
    <div
      class="footer__format"
      tabindex="0"
    >
      <img
        alt="some rectangles with different width"
        src="format.svg"
      />
      Форматировать
      <p>
        Loading...
      </p>
    </div>
  </div>
</div>
`;
